WAVE code143-1152-abba
START 1-control
END 1-control: 7.292 tok/s; exact
START 2-arena
END 2-arena: 7.802 tok/s; exact
START 3-arena
END 3-arena: 7.922 tok/s; exact
START 4-control
END 4-control: 7.115 tok/s; exact
{"status": "passed-integrated-wave-default-off", "fraction_changes": {"decode_tokens_per_second": 0.09141107840549756, "time_to_first_token_seconds": 0.04953065029013004, "request_seconds": -0.0022696508346295996, "decode_latency_p95_seconds": -0.0583276815268815, "peak_memory_bytes": -0.0008971174493805911, "expert_bytes_read": 0.0}, "failed_metrics": []}
WAVE tool_like-4096-abba
START 1-control
END 1-control: 8.109 tok/s; exact
START 2-arena
END 2-arena: 8.469 tok/s; exact
START 3-arena
END 3-arena: 8.461 tok/s; exact
START 4-control
END 4-control: 8.079 tok/s; exact
{"status": "inconclusive-below-5-percent-stop", "fraction_changes": {"decode_tokens_per_second": 0.04579235750944122, "time_to_first_token_seconds": -0.006025741017624764, "request_seconds": -0.01931341856904989, "decode_latency_p95_seconds": -0.10462254051816022, "peak_memory_bytes": -0.0020425924897026215, "expert_bytes_read": 0.0}, "failed_metrics": []}
