START cold-1
PASS cold-1
START cold-2
PASS cold-2
START cold-3
PASS cold-3
START cold-4
PASS cold-4
START cold-8
PASS cold-8
START cold-16
PASS cold-16
START lifecycle
PASS lifecycle
START tool-reverse
PASS tool-reverse
START code143-4096-abba
PASS code143-4096-abba
START code143-4096-baab
PASS code143-4096-baab
START code143-1152-abba
PASS code143-1152-abba
START code143-1152-baab
PASS code143-1152-baab
START zh_technical-abba
PASS zh_technical-abba
START zh_technical-baab
PASS zh_technical-baab
START mixed_math-abba
PASS mixed_math-abba
START mixed_math-baab
PASS mixed_math-baab
START code-abba
PASS code-abba
START code-baab
PASS code-baab
START repeated-abba
PASS repeated-abba
START repeated-baab
PASS repeated-baab
