WAVE code143-4096-baab
START 1-arena
END 1-arena: 8.540 tok/s; exact
START 2-control
END 2-control: 7.719 tok/s; exact
START 3-control
END 3-control: 7.759 tok/s; exact
START 4-arena
END 4-arena: 8.492 tok/s; exact
{"status": "passed-integrated-wave-default-off", "fraction_changes": {"decode_tokens_per_second": 0.10042966033432488, "time_to_first_token_seconds": -0.011165989537782472, "request_seconds": -0.041087052834817284, "decode_latency_p95_seconds": -0.15445227676683915, "peak_memory_bytes": -0.00200701843170914, "expert_bytes_read": 0.0}, "failed_metrics": []}
WAVE code143-1152-abba
START 1-control
END 1-control: 7.245 tok/s; exact
START 2-arena
END 2-arena: 7.897 tok/s; exact
START 3-arena
END 3-arena: 8.080 tok/s; exact
START 4-control
END 4-control: 7.240 tok/s; exact
{"status": "passed-integrated-wave-default-off", "fraction_changes": {"decode_tokens_per_second": 0.1029598988348377, "time_to_first_token_seconds": 0.03449430810661336, "request_seconds": -0.013908370634552636, "decode_latency_p95_seconds": -0.0714176458659268, "peak_memory_bytes": -0.0009086772567730161, "expert_bytes_read": 0.0}, "failed_metrics": []}
WAVE tool_like-4096-abba
START 1-control
END 1-control: 8.094 tok/s; exact
START 2-arena
END 2-arena: 8.810 tok/s; exact
START 3-arena
END 3-arena: 8.622 tok/s; exact
START 4-control
END 4-control: 8.077 tok/s; exact
{"status": "passed-integrated-wave-default-off", "fraction_changes": {"decode_tokens_per_second": 0.07799808320357116, "time_to_first_token_seconds": -0.006998334350151514, "request_seconds": -0.02994911494445307, "decode_latency_p95_seconds": -0.09873346665109672, "peak_memory_bytes": -0.0020246679969658787, "expert_bytes_read": 0.0}, "failed_metrics": []}
WAVE tool_like-4096-baab
START 1-arena
END 1-arena: 8.821 tok/s; exact
START 2-control
END 2-control: 8.021 tok/s; exact
START 3-control
END 3-control: 8.086 tok/s; exact
START 4-arena
END 4-arena: 8.831 tok/s; exact
{"status": "passed-integrated-wave-default-off", "fraction_changes": {"decode_tokens_per_second": 0.09586398399125362, "time_to_first_token_seconds": 0.0048861645840063694, "request_seconds": -0.027901772988490614, "decode_latency_p95_seconds": -0.1097905451636324, "peak_memory_bytes": -0.002052494570270458, "expert_bytes_read": 0.0}, "failed_metrics": []}
WAVE zh_technical-4096-abba
START 1-control
END 1-control: 7.627 tok/s; exact
START 2-arena
END 2-arena: 8.421 tok/s; exact
START 3-arena
END 3-arena: 8.418 tok/s; exact
START 4-control
END 4-control: 7.704 tok/s; exact
{"status": "passed-integrated-wave-default-off", "fraction_changes": {"decode_tokens_per_second": 0.09836274464249883, "time_to_first_token_seconds": -0.0013902353505962362, "request_seconds": -0.035225420658390516, "decode_latency_p95_seconds": -0.11346330544112904, "peak_memory_bytes": -0.002152887026463657, "expert_bytes_read": 0.0}, "failed_metrics": []}
